
9. Printing statistics.

=== mux_mul ===

   Number of wires:                504
   Number of wire bits:            562
   Number of public wires:           7
   Number of public wire bits:      50
   Number of memories:               0
   Number of memory bits:            0
   Number of processes:              0
   Number of cells:                528
     sky130_fd_sc_hd__a21boi_0       3
     sky130_fd_sc_hd__a21o_1         6
     sky130_fd_sc_hd__a21oi_1       17
     sky130_fd_sc_hd__a22o_1         4
     sky130_fd_sc_hd__a22oi_1       11
     sky130_fd_sc_hd__a2bb2oi_1      1
     sky130_fd_sc_hd__a31oi_1        5
     sky130_fd_sc_hd__a32o_1         1
     sky130_fd_sc_hd__and2_0        18
     sky130_fd_sc_hd__and3_1         2
     sky130_fd_sc_hd__clkinv_1      10
     sky130_fd_sc_hd__dfxtp_1       16
     sky130_fd_sc_hd__lpflow_inputiso1p_1      2
     sky130_fd_sc_hd__lpflow_isobufsrc_1     13
     sky130_fd_sc_hd__maj3_1        57
     sky130_fd_sc_hd__nand2_1      111
     sky130_fd_sc_hd__nand2b_1       5
     sky130_fd_sc_hd__nand3_1       13
     sky130_fd_sc_hd__nand4_1        5
     sky130_fd_sc_hd__nor2_1        37
     sky130_fd_sc_hd__nor2b_1        3
     sky130_fd_sc_hd__nor3_1         6
     sky130_fd_sc_hd__nor4b_1        1
     sky130_fd_sc_hd__o211a_1        1
     sky130_fd_sc_hd__o211ai_1       2
     sky130_fd_sc_hd__o21a_1         5
     sky130_fd_sc_hd__o21ai_0       13
     sky130_fd_sc_hd__o22a_1         1
     sky130_fd_sc_hd__o22ai_1        5
     sky130_fd_sc_hd__o31a_1         1
     sky130_fd_sc_hd__o31ai_1        3
     sky130_fd_sc_hd__o32ai_1        1
     sky130_fd_sc_hd__o41ai_1        1
     sky130_fd_sc_hd__or3_1          5
     sky130_fd_sc_hd__xnor2_1       70
     sky130_fd_sc_hd__xnor3_1       25
     sky130_fd_sc_hd__xor2_1        38
     sky130_fd_sc_hd__xor3_1        10

   Chip area for module '\mux_mul': 4202.780800

